[    0.000000] Linux version 4.15.0-212-generic (buildd@lcy02-amd64-083) (gcc version 7.5.0 (Ubuntu 7.5.0-3ubuntu1~18.04)) #223-Ubuntu SMP Tue May 23 13:09:22 UTC 2023 (Ubuntu 4.15.0-212.223-generic 4.15.18)
[    0.000000] Command line: BOOT_IMAGE=/boot/vmlinuz-4.15.0-212-generic root=LABEL=cloudimg-rootfs ro console=tty1 console=ttyS0
[    0.000000] KERNEL supported cpus:
[    0.000000]   Intel GenuineIntel
[    0.000000]   AMD AuthenticAMD
[    0.000000]   Centaur CentaurHauls
[    0.000000] x86/fpu: Supporting XSAVE feature 0x001: 'x87 floating point registers'
[    0.000000] x86/fpu: Supporting XSAVE feature 0x002: 'SSE registers'
[    0.000000] x86/fpu: Supporting XSAVE feature 0x004: 'AVX registers'
[    0.000000] x86/fpu: xstate_offset[2]:  576, xstate_sizes[2]:  256
[    0.000000] x86/fpu: Enabled xstate features 0x7, context size is 832 bytes, using 'standard' format.
[    0.000000] e820: BIOS-provided physical RAM map:
[    0.000000] BIOS-e820: [mem 0x0000000000000000-0x000000000009fbff] usable
[    0.000000] BIOS-e820: [mem 0x000000000009fc00-0x000000000009ffff] reserved
[    0.000000] BIOS-e820: [mem 0x00000000000f0000-0x00000000000fffff] reserved
[    0.000000] BIOS-e820: [mem 0x0000000000100000-0x00000000257effff] usable
[    0.000000] BIOS-e820: [mem 0x00000000257f0000-0x00000000257fffff] ACPI data
[    0.000000] BIOS-e820: [mem 0x00000000fec00000-0x00000000fec00fff] reserved
[    0.000000] BIOS-e820: [mem 0x00000000fee00000-0x00000000fee00fff] reserved
[    0.000000] BIOS-e820: [mem 0x00000000fffc0000-0x00000000ffffffff] reserved
[    0.000000] NX (Execute Disable) protection: active
[    0.000000] SMBIOS 2.5 present.
[    0.000000] DMI: innotek GmbH VirtualBox/VirtualBox, BIOS VirtualBox 12/01/2006
[    0.000000] Hypervisor detected: KVM
[    0.000000] e820: last_pfn = 0x257f0 max_arch_pfn = 0x400000000
[    0.000000] MTRR: Disabled
[    0.000000] x86/PAT: MTRRs disabled, skipping PAT initialization too.
[    0.000000] CPU MTRRs all blank - virtualized system.
[    0.000000] x86/PAT: Configuration [0-7]: WB  WT  UC- UC  WB  WT  UC- UC  
[    0.000000] found SMP MP-table at [mem 0x0009fff0-0x0009ffff]
[    0.000000] Scanning 1 areas for low memory corruption
[    0.000000] RAMDISK: [mem 0x232fa000-0x2460bfff]
[    0.000000] ACPI: Early table checksum verification disabled
[    0.000000] ACPI: RSDP 0x00000000000E0000 000024 (v02 VBOX  )
[    0.000000] ACPI: XSDT 0x00000000257F0030 00003C (v01 VBOX   VBOXXSDT 00000001 ASL  00000061)
[    0.000000] ACPI: FACP 0x00000000257F00F0 0000F4 (v04 VBOX   VBOXFACP 00000001 ASL  00000061)
[    0.000000] ACPI: DSDT 0x00000000257F0470 002325 (v02 VBOX   VBOXBIOS 00000002 INTL 20200925)
[    0.000000] ACPI: FACS 0x00000000257F0200 000040
[    0.000000] ACPI: FACS 0x00000000257F0200 000040
[    0.000000] ACPI: APIC 0x00000000257F0240 000054 (v02 VBOX   VBOXAPIC 00000001 ASL  00000061)
[    0.000000] ACPI: SSDT 0x00000000257F02A0 0001CC (v01 VBOX   VBOXCPUT 00000002 INTL 20200925)
[    0.000000] ACPI: Reserving FACP table memory at [mem 0x257f00f0-0x257f01e3]
[    0.000000] ACPI: Reserving DSDT table memory at [mem 0x257f0470-0x257f2794]
[    0.000000] ACPI: Reserving FACS table memory at [mem 0x257f0200-0x257f023f]
[    0.000000] ACPI: Reserving FACS table memory at [mem 0x257f0200-0x257f023f]
[    0.000000] ACPI: Reserving APIC table memory at [mem 0x257f0240-0x257f0293]
[    0.000000] ACPI: Reserving SSDT table memory at [mem 0x257f02a0-0x257f046b]
[    0.000000] No NUMA configuration found
[    0.000000] Faking a node at [mem 0x0000000000000000-0x00000000257effff]
[    0.000000] NODE_DATA(0) allocated [mem 0x257c5000-0x257effff]
[    0.000000] kvm-clock: cpu 0, msr 0:25744001, primary cpu clock
[    0.000000] kvm-clock: Using msrs 4b564d01 and 4b564d00
[    0.000000] kvm-clock: using sched offset of 3632193877 cycles
[    0.000000] clocksource: kvm-clock: mask: 0xffffffffffffffff max_cycles: 0x1cd42e4dffb, max_idle_ns: 881590591483 ns
[    0.000000] Zone ranges:
[    0.000000]   DMA      [mem 0x0000000000001000-0x0000000000ffffff]
[    0.000000]   DMA32    [mem 0x0000000001000000-0x00000000257effff]
[    0.000000]   Normal   empty
[    0.000000]   Device   empty
[    0.000000] Movable zone start for each node
[    0.000000] Early memory node ranges
[    0.000000]   node   0: [mem 0x0000000000001000-0x000000000009efff]
[    0.000000]   node   0: [mem 0x0000000000100000-0x00000000257effff]
[    0.000000] Reserved but unavailable: 104 pages
[    0.000000] Initmem setup node 0 [mem 0x0000000000001000-0x00000000257effff]
[    0.000000] ACPI: PM-Timer IO Port: 0x4008
[    0.000000] IOAPIC[0]: apic_id 1, version 32, address 0xfec00000, GSI 0-23
[    0.000000] ACPI: INT_SRC_OVR (bus 0 bus_irq 0 global_irq 2 dfl dfl)
[    0.000000] ACPI: INT_SRC_OVR (bus 0 bus_irq 9 global_irq 9 low level)
[    0.000000] Using ACPI (MADT) for SMP configuration information
[    0.000000] smpboot: Allowing 1 CPUs, 0 hotplug CPUs
[    0.000000] PM: Registered nosave memory: [mem 0x00000000-0x00000fff]
[    0.000000] PM: Registered nosave memory: [mem 0x0009f000-0x0009ffff]
[    0.000000] PM: Registered nosave memory: [mem 0x000a0000-0x000effff]
[    0.000000] PM: Registered nosave memory: [mem 0x000f0000-0x000fffff]
[    0.000000] e820: [mem 0x25800000-0xfebfffff] available for PCI devices
[    0.000000] Booting paravirtualized kernel on KVM
[    0.000000] clocksource: refined-jiffies: mask: 0xffffffff max_cycles: 0xffffffff, max_idle_ns: 7645519600211568 ns
[    0.000000] setup_percpu: NR_CPUS:8192 nr_cpumask_bits:1 nr_cpu_ids:1 nr_node_ids:1
[    0.000000] percpu: Embedded 50 pages/cpu s167936 r8192 d28672 u2097152
[    0.000000] PV qspinlock hash table entries: 256 (order: 0, 4096 bytes)
[    0.000000] Built 1 zonelists, mobility grouping on.  Total pages: 151065
[    0.000000] Policy zone: DMA32
[    0.000000] Kernel command line: BOOT_IMAGE=/boot/vmlinuz-4.15.0-212-generic root=LABEL=cloudimg-rootfs ro console=tty1 console=ttyS0
[    0.000000] Memory: 554812K/613944K available (12300K kernel code, 2477K rwdata, 4324K rodata, 2480K init, 2720K bss, 59132K reserved, 0K cma-reserved)
[    0.000000] SLUB: HWalign=64, Order=0-3, MinObjects=0, CPUs=1, Nodes=1
[    0.000000] Kernel/User page tables isolation: enabled
[    0.000000] ftrace: allocating 39508 entries in 155 pages
[    0.004000] Hierarchical RCU implementation.
[    0.004000] 	RCU restricting CPUs from NR_CPUS=8192 to nr_cpu_ids=1.
[    0.004000] 	Tasks RCU enabled.
[    0.004000] RCU: Adjusting geometry for rcu_fanout_leaf=16, nr_cpu_ids=1
[    0.004000] NR_IRQS: 524544, nr_irqs: 256, preallocated irqs: 16
[    0.004000] Console: colour VGA+ 80x25
[    0.004000] console [tty1] enabled
[    0.004000] console [ttyS0] enabled
[    0.004000] ACPI: Core revision 20170831
[    0.004000] ACPI: 2 ACPI AML tables successfully acquired and loaded
[    0.004000] APIC: Switch to symmetric I/O mode setup
[    0.004000] x2apic enabled
[    0.004000] Switched APIC routing to physical x2apic.
[    0.004000] ..TIMER: vector=0x30 apic1=0 pin1=2 apic2=-1 pin2=-1
[    0.004008] tsc: Detected 2494.328 MHz processor
[    0.008015] Calibrating delay loop (skipped) preset value.. 4988.65 BogoMIPS (lpj=9977312)
[    0.009954] pid_max: default: 32768 minimum: 301
[    0.011116] Security Framework initialized
[    0.012004] Yama: becoming mindful.
[    0.012889] AppArmor: AppArmor initialized
[    0.014084] Dentry cache hash table entries: 131072 (order: 8, 1048576 bytes)
[    0.015808] Inode-cache hash table entries: 65536 (order: 7, 524288 bytes)
[    0.016032] Mount-cache hash table entries: 2048 (order: 2, 16384 bytes)
[    0.017612] Mountpoint-cache hash table entries: 2048 (order: 2, 16384 bytes)
[    0.020371] process: using mwait in idle threads
[    0.021496] Last level iTLB entries: 4KB 512, 2MB 8, 4MB 8
[    0.022775] Last level dTLB entries: 4KB 512, 2MB 32, 4MB 32, 1GB 0
[    0.024004] Spectre V1 : Mitigation: usercopy/swapgs barriers and __user pointer sanitization
[    0.026070] Spectre V2 : Mitigation: Retpolines
[    0.028003] Spectre V2 : Spectre v2 / SpectreRSB mitigation: Filling RSB on context switch
[    0.030097] Spectre V2 : Spectre v2 / SpectreRSB : Filling RSB on VMEXIT
[    0.032003] Speculative Store Bypass: Vulnerable
[    0.033332] MDS: Mitigation: Clear CPU buffers
[    0.034473] MMIO Stale Data: Unknown: No mitigations
[    0.058803] Freeing SMP alternatives memory: 36K
[    0.170576] smpboot: CPU0: Intel(R) Core(TM) i3-3120M CPU @ 2.50GHz (family: 0x6, model: 0x3a, stepping: 0x9)
[    0.172000] Performance Events: unsupported p6 CPU model 58 no PMU driver, software events only.
[    0.172066] Hierarchical SRCU implementation.
[    0.173883] NMI watchdog: Perf event create on CPU 0 failed with -2
[    0.176004] NMI watchdog: Perf NMI watchdog permanently disabled
[    0.177747] smp: Bringing up secondary CPUs ...
[    0.179080] smp: Brought up 1 node, 1 CPU
[    0.180004] smpboot: Max logical packages: 1
[    0.181306] smpboot: Total of 1 processors activated (4988.65 BogoMIPS)
[    0.183302] devtmpfs: initialized
[    0.184082] x86/mm: Memory block size: 128MB
[    0.185620] evm: security.selinux
[    0.186463] evm: security.SMACK64
[    0.188012] evm: security.SMACK64EXEC
[    0.189047] evm: security.SMACK64TRANSMUTE
[    0.190050] evm: security.SMACK64MMAP
[    0.191103] evm: security.apparmor
[    0.192004] evm: security.ima
[    0.192776] evm: security.capability
[    0.193891] clocksource: jiffies: mask: 0xffffffff max_cycles: 0xffffffff, max_idle_ns: 7645041785100000 ns
[    0.196018] futex hash table entries: 256 (order: 2, 16384 bytes)
[    0.197425] pinctrl core: initialized pinctrl subsystem
[    0.198905] RTC time: 14:44:07, date: 03/11/24
[    0.200235] NET: Registered protocol family 16
[    0.201530] audit: initializing netlink subsys (disabled)
[    0.203215] cpuidle: using governor ladder
[    0.204005] cpuidle: using governor menu
[    0.205083] ACPI: bus type PCI registered
[    0.206141] acpiphp: ACPI Hot Plug PCI Controller Driver version: 0.5
[    0.208009] audit: type=2000 audit(1710168251.675:1): state=initialized audit_enabled=0 res=1
[    0.210264] PCI: Using configuration type 1 for base access
[    0.213390] HugeTLB registered 2.00 MiB page size, pre-allocated 0 pages
[    0.216236] ACPI: Added _OSI(Module Device)
[    0.217374] ACPI: Added _OSI(Processor Device)
[    0.218457] ACPI: Added _OSI(3.0 _SCP Extensions)
[    0.220007] ACPI: Added _OSI(Processor Aggregator Device)
[    0.221347] ACPI: Added _OSI(Linux-Dell-Video)
[    0.222368] ACPI: Added _OSI(Linux-Lenovo-NV-HDMI-Audio)
[    0.223778] ACPI: Added _OSI(Linux-HPI-Hybrid-Graphics)
[    0.224374] ACPI: Executed 1 blocks of module-level executable AML code
[    0.231191] ACPI: Interpreter enabled
[    0.232000] ACPI: (supports S0 S5)
[    0.232004] ACPI: Using IOAPIC for interrupt routing
[    0.233687] PCI: Using host bridge windows from ACPI; if necessary, use "pci=nocrs" and report a bug
[    0.236335] ACPI: Enabled 2 GPEs in block 00 to 07
[    0.247170] ACPI: PCI Root Bridge [PCI0] (domain 0000 [bus 00-ff])
[    0.248013] acpi PNP0A03:00: _OSC: OS supports [ASPM ClockPM Segments MSI]
[    0.250303] acpi PNP0A03:00: _OSC: not requesting OS control; OS requires [ExtendedConfig ASPM ClockPM MSI]
[    0.252025] acpi PNP0A03:00: fail to add MMCONFIG information, can't access extended PCI configuration space under this bridge.
[    0.256527] PCI host bridge to bus 0000:00
[    0.260006] pci_bus 0000:00: root bus resource [io  0x0000-0x0cf7 window]
[    0.261709] pci_bus 0000:00: root bus resource [io  0x0d00-0xffff window]
[    0.263281] pci_bus 0000:00: root bus resource [mem 0x000a0000-0x000bffff window]
[    0.264005] pci_bus 0000:00: root bus resource [mem 0x25800000-0xfdffffff window]
[    0.266475] pci_bus 0000:00: root bus resource [bus 00-ff]
[    0.270265] pci 0000:00:01.1: legacy IDE quirk: reg 0x10: [io  0x01f0-0x01f7]
[    0.272005] pci 0000:00:01.1: legacy IDE quirk: reg 0x14: [io  0x03f6]
[    0.273679] pci 0000:00:01.1: legacy IDE quirk: reg 0x18: [io  0x0170-0x0177]
[    0.276004] pci 0000:00:01.1: legacy IDE quirk: reg 0x1c: [io  0x0376]
[    0.292133] pci 0000:00:07.0: quirk: [io  0x4000-0x403f] claimed by PIIX4 ACPI
[    0.294308] pci 0000:00:07.0: quirk: [io  0x4100-0x410f] claimed by PIIX4 SMB
[    0.312341] ACPI: PCI Interrupt Link [LNKA] (IRQs 5 9 10 *11)
[    0.314323] ACPI: PCI Interrupt Link [LNKB] (IRQs 5 9 *10 11)
[    0.315783] ACPI: PCI Interrupt Link [LNKC] (IRQs 5 *9 10 11)
[    0.316160] ACPI: PCI Interrupt Link [LNKD] (IRQs 5 9 10 *11)
[    0.318119] SCSI subsystem initialized
[    0.320115] pci 0000:00:02.0: vgaarb: setting as boot VGA device
[    0.321709] pci 0000:00:02.0: vgaarb: VGA device added: decodes=io+mem,owns=io+mem,locks=none
[    0.323906] pci 0000:00:02.0: vgaarb: bridge control possible
[    0.324004] vgaarb: loaded
[    0.324785] ACPI: bus type USB registered
[    0.325859] usbcore: registered new interface driver usbfs
[    0.328016] usbcore: registered new interface driver hub
[    0.329211] usbcore: registered new device driver usb
[    0.330584] EDAC MC: Ver: 3.0.0
[    0.332348] PCI: Using ACPI for IRQ routing
[    0.333861] NetLabel: Initializing
[    0.334805] NetLabel:  domain hash size = 128
[    0.335893] NetLabel:  protocols = UNLABELED CIPSOv4 CALIPSO
[    0.336060] NetLabel:  unlabeled traffic allowed by default
[    0.337996] clocksource: Switched to clocksource kvm-clock
[    0.354151] VFS: Disk quotas dquot_6.6.0
[    0.355266] VFS: Dquot-cache hash table entries: 512 (order 0, 4096 bytes)
[    0.356987] AppArmor: AppArmor Filesystem Enabled
[    0.358257] pnp: PnP ACPI init
[    0.360396] pnp: PnP ACPI: found 3 devices
[    0.367767] clocksource: acpi_pm: mask: 0xffffff max_cycles: 0xffffff, max_idle_ns: 2085701024 ns
[    0.370056] NET: Registered protocol family 2
[    0.371353] IP idents hash table entries: 16384 (order: 5, 131072 bytes)
[    0.373496] TCP established hash table entries: 8192 (order: 4, 65536 bytes)
[    0.375303] TCP bind hash table entries: 8192 (order: 5, 131072 bytes)
[    0.377065] TCP: Hash tables configured (established 8192 bind 8192)
[    0.379468] UDP hash table entries: 512 (order: 2, 16384 bytes)
[    0.381143] UDP-Lite hash table entries: 512 (order: 2, 16384 bytes)
[    0.382757] NET: Registered protocol family 1
[    0.384181] pci 0000:00:00.0: Limiting direct PCI/PCI transfers
[    0.386246] pci 0000:00:01.0: Activating ISA DMA hang workarounds
[    0.388100] pci 0000:00:02.0: Video device with shadowed ROM at [mem 0x000c0000-0x000dffff]
[    0.390624] Unpacking initramfs...
[    0.713369] Freeing initrd memory: 19528K
[    0.724839] clocksource: tsc: mask: 0xffffffffffffffff max_cycles: 0x23f44b788b0, max_idle_ns: 440795224680 ns
[    0.727832] platform rtc_cmos: registered platform RTC device (no PNP device found)
[    0.730135] Scanning for low memory corruption every 60 seconds
[    0.733012] Initialise system trusted keyrings
[    0.735252] Key type blacklist registered
[    0.736764] workingset: timestamp_bits=36 max_order=18 bucket_order=0
[    0.740974] zbud: loaded
[    0.743301] squashfs: version 4.0 (2009/01/31) Phillip Lougher
[    0.746361] fuse init (API version 7.26)
[    0.751073] Key type asymmetric registered
[    0.752552] Asymmetric key parser 'x509' registered
[    0.754265] Block layer SCSI generic (bsg) driver version 0.4 loaded (major 246)
[    0.756918] io scheduler noop registered
[    0.758321] io scheduler deadline registered
[    0.759892] io scheduler cfq registered (default)
[    0.761984] ACPI: AC Adapter [AC] (on-line)
[    0.763575] input: Power Button as /devices/LNXSYSTM:00/LNXPWRBN:00/input/input0
[    0.766229] ACPI: Power Button [PWRF]
[    0.767654] input: Sleep Button as /devices/LNXSYSTM:00/LNXSLPBN:00/input/input1
[    0.770281] ACPI: Sleep Button [SLPF]
[    0.772002] Serial: 8250/16550 driver, 32 ports, IRQ sharing enabled
[    0.795558] 00:02: ttyS0 at I/O 0x3f8 (irq = 4, base_baud = 115200) is a 16550A
[    0.801027] Linux agpgart interface v0.103
[    0.803763] loop: module loaded
[    0.805462] scsi host0: ata_piix
[    0.806568] scsi host1: ata_piix
[    0.807643] ata1: PATA max UDMA/33 cmd 0x1f0 ctl 0x3f6 bmdma 0xd000 irq 14
[    0.809631] ata2: PATA max UDMA/33 cmd 0x170 ctl 0x376 bmdma 0xd008 irq 15
[    0.812156] tun: Universal TUN/TAP device driver, 1.6
[    0.813668] PPP generic driver version 2.4.2
[    0.815002] ehci_hcd: USB 2.0 'Enhanced' Host Controller (EHCI) Driver
[    0.816912] ehci-pci: EHCI PCI platform driver
[    0.818252] ehci-platform: EHCI generic platform driver
[    0.819776] ohci_hcd: USB 1.1 'Open' Host Controller (OHCI) Driver
[    0.823994] ohci-pci: OHCI PCI platform driver
[    0.825687] ohci-platform: OHCI generic platform driver
[    0.828285] uhci_hcd: USB Universal Host Controller Interface driver
[    0.830764] i8042: PNP: PS/2 Controller [PNP0303:PS2K,PNP0f03:PS2M] at 0x60,0x64 irq 1,12
[    0.834141] serio: i8042 KBD port at 0x60,0x64 irq 1
[    0.836088] serio: i8042 AUX port at 0x60,0x64 irq 12
[    0.837406] mousedev: PS/2 mouse device common for all mice
[    0.839125] input: AT Translated Set 2 keyboard as /devices/platform/i8042/serio0/input/input2
[    0.841750] rtc_cmos rtc_cmos: rtc core: registered rtc_cmos as rtc0
[    0.843500] rtc_cmos rtc_cmos: alarms up to one day, 114 bytes nvram
[    0.846925] i2c /dev entries driver
[    0.847931] device-mapper: uevent: version 1.0.3
[    0.849339] device-mapper: ioctl: 4.37.0-ioctl (2017-09-20) initialised: dm-devel@redhat.com
[    0.851451] ledtrig-cpu: registered to indicate activity on CPUs
[    0.853177] NET: Registered protocol family 10
[    0.858536] Segment Routing with IPv6
[    0.859582] NET: Registered protocol family 17
[    0.860684] Key type dns_resolver registered
[    0.861927] mce: Using 0 MCE banks
[    0.862723] RAS: Correctable Errors collector initialized.
[    0.863977] sched_clock: Marking stable (860602425, 0)->(1060255909, -199653484)
[    0.866137] registered taskstats version 1
[    0.867295] Loading compiled-in X.509 certificates
[    0.871324] Loaded X.509 cert 'Build time autogenerated kernel key: b5b26778eaa3ab3a4a6cee031137706e947d12ad'
[    0.874882] Loaded X.509 cert 'Canonical Ltd. Live Patch Signing: 14df34d1a87cf37625abec039ef2bf521249b969'
[    0.878320] Loaded X.509 cert 'Canonical Ltd. Kernel Module Signing: 88f752e560a1e0737e31163a466ad7b70a850c19'
[    0.881283] blacklist: Loading compiled-in revocation X.509 certificates
[    0.882934] Loaded X.509 cert 'Canonical Ltd. Secure Boot Signing: 61482aa2830d0ab2ad5af10b7250da9033ddcef0'
[    0.885314] Loaded X.509 cert 'Canonical Ltd. Secure Boot Signing (2017): 242ade75ac4a15e50d50c84b0d45ff3eae707a03'
[    0.887736] Loaded X.509 cert 'Canonical Ltd. Secure Boot Signing (ESM 2018): 365188c1d374d6b07c3c8f240f8ef722433d6a8b'
[    0.890202] Loaded X.509 cert 'Canonical Ltd. Secure Boot Signing (2019): c0746fd6c5da3ae827864651ad66ae47fe24b3e8'
[    0.892935] Loaded X.509 cert 'Canonical Ltd. Secure Boot Signing (2021 v1): a8d54bbb3825cfb94fa13c9f8a594a195c107b8d'
[    0.895555] Loaded X.509 cert 'Canonical Ltd. Secure Boot Signing (2021 v2): 4cf046892d6fd3c9a5b03f98d845f90851dc6a8c'
[    0.898403] Loaded X.509 cert 'Canonical Ltd. Secure Boot Signing (2021 v3): 100437bb6de6e469b581e61cd66bce3ef4ed53af'
[    0.901212] Loaded X.509 cert 'Canonical Ltd. Secure Boot Signing (Ubuntu Core 2019): c1d57b8f6b743f23ee41f4f7ee292f06eecadfb9'
[    0.904045] zswap: loaded using pool lzo/zbud
[    0.909118] Key type big_key registered
[    0.910172] Key type trusted registered
[    0.913009] Key type encrypted registered
[    0.914023] AppArmor: AppArmor sha1 policy hashing enabled
[    0.915316] ima: No TPM chip found, activating TPM-bypass! (rc=-19)
[    0.916964] ima: Allocated hash algorithm: sha1
[    0.918122] evm: HMAC attrs: 0x1
[    0.919449]   Magic number: 0:975:737
[    0.920598] rtc_cmos rtc_cmos: setting system clock to 2024-03-11 14:44:07 UTC (1710168247)
[    0.922815] BIOS EDD facility v0.16 2004-Jun-25, 0 devices found
[    0.924378] EDD information not available.
[    0.994208] Freeing unused kernel image memory: 2480K
[    1.000107] Write protecting the kernel read-only data: 20480k
[    1.002255] Freeing unused kernel image memory: 2008K
[    1.003842] Freeing unused kernel image memory: 1820K
[    1.013881] x86/mm: Checked W+X mappings: passed, no W+X pages found.
[    1.015494] x86/mm: Checking user space page tables
[    1.025087] x86/mm: Checked W+X mappings: passed, no W+X pages found.
Loading, please wait...
starting version 237
[    1.175619] e1000: Intel(R) PRO/1000 Network Driver - version 7.3.21-k8-NAPI
[    1.177503] e1000: Copyright (c) 1999-2006 Intel Corporation.
[    1.191896] Fusion MPT base driver 3.04.20
[    1.193134] Copyright (c) 1999-2008 LSI Corporation
[    1.219732] Fusion MPT SPI Host driver 3.04.20
[    1.406312] input: ImExPS/2 Generic Explorer Mouse as /devices/platform/i8042/serio1/input/input4
[    1.633301] e1000 0000:00:03.0 eth0: (PCI:33MHz:32-bit) 02:3b:7b:b7:3b:2d
[    1.634903] e1000 0000:00:03.0 eth0: Intel(R) PRO/1000 Network Connection
[    1.637676] mptbase: ioc0: Initiating bringup
[    1.732593] ioc0: LSI53C1030 A0: Capabilities={Initiator}
[    1.980017] scsi host2: ioc0: LSI53C1030 A0, FwRev=00000000h, Ports=1, MaxQ=256, IRQ=20
[    2.148861] scsi 2:0:0:0: Direct-Access     VBOX     HARDDISK         1.0  PQ: 0 ANSI: 5
[    2.152946] scsi target2:0:0: Beginning Domain Validation
[    2.162240] scsi target2:0:0: Domain Validation skipping write tests
[    2.165307] scsi target2:0:0: Ending Domain Validation
[    2.167790] scsi target2:0:0: asynchronous
[    2.173623] scsi 2:0:1:0: Direct-Access     VBOX     HARDDISK         1.0  PQ: 0 ANSI: 5
[    2.177577] scsi target2:0:1: Beginning Domain Validation
[    2.182693] scsi target2:0:1: Domain Validation skipping write tests
[    2.185062] scsi target2:0:1: Ending Domain Validation
[    2.187062] scsi target2:0:1: asynchronous
[    2.225539] sd 2:0:0:0: Attached scsi generic sg0 type 0
[    2.227756] sd 2:0:0:0: [sda] 83886080 512-byte logical blocks: (42.9 GB/40.0 GiB)
[    2.230810] sd 2:0:0:0: [sda] Write Protect is off
[    2.232883] sd 2:0:1:0: [sdb] 20480 512-byte logical blocks: (10.5 MB/10.0 MiB)
[    2.235561] sd 2:0:1:0: [sdb] Write Protect is off
[    2.237460] sd 2:0:1:0: Attached scsi generic sg1 type 0
[    2.239545] sd 2:0:1:0: [sdb] Incomplete mode parameter data
[    2.241639] sd 2:0:1:0: [sdb] Assuming drive cache: write through
[    2.243773] sd 2:0:0:0: [sda] Incomplete mode parameter data
[    2.245868] sd 2:0:0:0: [sda] Assuming drive cache: write through
[    2.259351]  sda: sda1
[    2.261216] sd 2:0:0:0: [sda] Attached SCSI disk
[    2.262871] sd 2:0:1:0: [sdb] Attached SCSI disk
[    2.609477] e1000 0000:00:08.0 eth1: (PCI:33MHz:32-bit) 08:00:27:3e:50:86
[    2.611462] e1000 0000:00:08.0 eth1: Intel(R) PRO/1000 Network Connection
[    3.000905] e1000 0000:00:09.0 eth2: (PCI:33MHz:32-bit) 08:00:27:44:9c:6b
[    3.002596] e1000 0000:00:09.0 eth2: Intel(R) PRO/1000 Network Connection
[    3.401288] e1000 0000:00:0a.0 eth3: (PCI:33MHz:32-bit) 08:00:27:da:53:60
[    3.403218] e1000 0000:00:0a.0 eth3: Intel(R) PRO/1000 Network Connection
[    3.409827] e1000 0000:00:0a.0 enp0s10: renamed from eth3
[    3.443227] e1000 0000:00:08.0 enp0s8: renamed from eth1
[    3.448353] e1000 0000:00:09.0 enp0s9: renamed from eth2
[    3.452107] e1000 0000:00:03.0 enp0s3: renamed from eth0
Begin: Loading essential drivers ... [    5.053685] raid6: sse2x1   gen()  7297 MB/s
[    5.117864] raid6: sse2x1   xor()  5516 MB/s
[    5.181548] raid6: sse2x2   gen()  9099 MB/s
[    5.246426] raid6: sse2x2   xor()  5376 MB/s
[    5.310674] raid6: sse2x4   gen()  8570 MB/s
[    5.374899] raid6: sse2x4   xor()  7507 MB/s
[    5.375982] raid6: using algorithm sse2x2 gen() 9099 MB/s
[    5.377742] raid6: .... xor() 5376 MB/s, rmw enabled
[    5.379229] raid6: using ssse3x2 recovery algorithm
[    5.383298] xor: automatically using best checksumming function   avx       
[    5.387539] async_tx: api initialized (async)
done.
Begin: Running /scripts/init-premount ... done.
Begin: Mounting root file system ... Begin: Running /scripts/local-top ... done.
Begin: Running /scripts/local-premount ... [    5.464035] Btrfs loaded, crc32c=crc32c-intel
Scanning for Btrfs filesystems
done.
Warning: fsck not present, so skipping root file system
[    5.515742] EXT4-fs (sda1): mounted filesystem with ordered data mode. Opts: (null)
done.
Begin: Running /scripts/local-bottom ... done.
Begin: Running /scripts/init-bottom ... done.
[    5.759766] ip_tables: (C) 2000-2006 Netfilter Core Team
[    5.785970] systemd[1]: systemd 237 running in system mode. (+PAM +AUDIT +SELINUX +IMA +APPARMOR +SMACK +SYSVINIT +UTMP +LIBCRYPTSETUP +GCRYPT +GNUTLS +ACL +XZ +LZ4 +SECCOMP +BLKID +ELFUTILS +KMOD -IDN2 +IDN -PCRE2 default-hierarchy=hybrid)
[    5.794807] systemd[1]: Detected virtualization oracle.
[    5.796820] systemd[1]: Detected architecture x86-64.

Welcome to [1mUbuntu 18.04.6 LTS[0m!

[    5.803656] systemd[1]: Set hostname to <server1>.
[    6.186222] random: systemd: uninitialized urandom read (16 bytes read)
[    6.188743] systemd[1]: Set up automount Arbitrary Executable File Formats File System Automount Point.
[[0;32m  OK  [0m] Set up automount Arbitrary Executabâ€¦rmats File System Automount Point.
[    6.193837] random: systemd: uninitialized urandom read (16 bytes read)
[    6.195866] systemd[1]: Reached target System Time Synchronized.
[[0;32m  OK  [0m] Reached target System Time Synchronized.
[    6.199229] random: systemd: uninitialized urandom read (16 bytes read)
[    6.201378] systemd[1]: Reached target Mounting snaps.
[[0;32m  OK  [0m] Reached target Mounting snaps.
[    6.205063] systemd[1]: Reached target User and Group Name Lookups.
[[0;32m  OK  [0m] Reached target User and Group Name Lookups.
[    6.210217] systemd[1]: Created slice System Slice.
[[0;32m  OK  [0m] Created slice System Slice.
[    6.213273] systemd[1]: Listening on Device-mapper event daemon FIFOs.
[[0;32m  OK  [0m] Listening on Device-mapper event daemon FIFOs.
[[0;32m  OK  [0m] Listening on udev Control Socket.
[[0;32m  OK  [0m] Listening on /dev/initctl Compatibility Named Pipe.
[[0;32m  OK  [0m] Listening on Network Service Netlink Socket.
[[0;32m  OK  [0m] Listening on fsck to fsckd communication Socket.
[[0;32m  OK  [0m] Listening on Journal Socket.
         Starting Uncomplicated firewall...
         Mounting Kernel Debug File System...
         Starting Create list of required stâ€¦ce nodes for the current kernel...
[[0;32m  OK  [0m] Reached target Swap.
         Starting Load Kernel Modules...
[[0;32m  OK  [0m] Listening on Syslog Socket.
[[0;32m  OK  [0m] Reached target Mounted snaps.
         Mounting Huge Pages File System...
[[0;32m  OK  [0m] Listening on udev Kernel Socket.
         Starting udev Coldplug all Devices...
[[0;32m  OK  [0m] Created slice User and Session Slice.
         Starting File System Check on Root Device...
[[0;32m  OK  [0m] Listening on LVM2 poll daemon socket.
         Starting Set the console keyboard layout...
[[0;32m  OK  [0m] Listening on Journal Socket (/dev/log).
[[0;32m  OK  [0m] Started Forward Password Requests to Wall Directory Watch.
[[0;32m  OK  [0m] Created slice system-serial\x2dgetty.slice.
[[0;32m  OK  [0m] Reached target Slices.
[[0;32m  OK  [0m] Listening on Journal Audit Socket.
         Starting Journal Service...
[[0;32m  OK  [0m] Listening on LVM2 metadata daemon socket.
[    6.314385] Loading iSCSI transport class v2.0-870.
         Starting Monitoring of LVM2 mirrorsâ€¦ng dmeventd or progress polling...
[    6.334292] iscsi: registered transport (tcp)
         Mounting POSIX Message Queue File System...
[[0;32m  OK  [0m] Started Uncomplicated firewall.
[[0;32m  OK  [0m] Mounted Kernel Debug File System.
[[0;32m  OK  [0m] Started Create list of required staâ€¦vice nodes for the current kernel.
[[0;32m  OK  [0m] Mounted Huge Pages File System.
[[0;32m  OK  [0m] Mounted POSIX Message Queue File System.
[[0;32m  OK  [0m] Started File System Check Daemon to report status.
         Starting Create Static Device Nodes in /dev...
[[0;32m  OK  [0m] Started LVM2 metadata daemon.
[    6.468200] iscsi: registered transport (iser)
[[0;32m  OK  [0m] Started Load Kernel Modules.
         Mounting Kernel Configuration File System...
         Starting Apply Kernel Variables...
         Mounting FUSE Control File System...
[[0;32m  OK  [0m] Started udev Coldplug all Devices.
[[0;32m  OK  [0m] Mounted FUSE Control File System.
[[0;32m  OK  [0m] Mounted Kernel Configuration File System.
[[0;32m  OK  [0m] Started Create Static Device Nodes in /dev.
[[0;32m  OK  [0m] Started File System Check on Root Device.
         Starting Remount Root and Kernel File Systems...
[[0;32m  OK  [0m] Started Journal Service.
[[0;32m  OK  [0m] Started Remount Root and Kernel File Systems.
         Starting udev Kernel Device Manager...
         Starting Flush Journal to Persistent Storage...
         Starting Load/Save Random Seed...
[[0;32m  OK  [0m] Started Apply Kernel Variables.
[[0;32m  OK  [0m] Started Monitoring of LVM2 mirrors,â€¦sing dmeventd or progress polling.
[[0;32m  OK  [0m] Started Load/Save Random Seed.
[[0;32m  OK  [0m] Started Set the console keyboard layout.
[[0;32m  OK  [0m] Reached target Local File Systems (Pre).
[[0;32m  OK  [0m] Reached target Local File Systems.
         Starting ebtables ruleset management...
         Starting AppArmor initialization...
         Starting Set console font and keymap...
         Starting Tell Plymouth To Write Out Runtime Data...
[[0;32m  OK  [0m] Started udev Kernel Device Manager.
[[0;32m  OK  [0m] Started Dispatch Password Requests to Console Directory Watch.
[[0;32m  OK  [0m] Reached target Local Encrypted Volumes.
[[0;32m  OK  [0m] Started Set console font and keymap.
[[0;32m  OK  [0m] Started Tell Plymouth To Write Out Runtime Data.
[[0;32m  OK  [0m] Started ebtables ruleset management.
[[0;32m  OK  [0m] Started Flush Journal to Persistent Storage.
         Starting Create Volatile Files and Directories...
[[0;32m  OK  [0m] Started Create Volatile Files and Directories.
         Starting Update UTMP about System Boot/Shutdown...
[[0;32m  OK  [0m] Started Update UTMP about System Boot/Shutdown.
[[0;32m  OK  [0m] Started AppArmor initialization.
         Starting Load AppArmor profiles managed internally by snapd...
         Starting Initial cloud-init job (pre-networking)...
         Mounting Arbitrary Executable File Formats File System...
[[0;32m  OK  [0m] Mounted Arbitrary Executable File Formats File System.
[[0;32m  OK  [0m] Started Load AppArmor profiles managed internally by snapd.
[[0;32m  OK  [0m] Found device /dev/ttyS0.
[[0;32m  OK  [0m] Listening on Load/Save RF Kill Switch Status /dev/rfkill Watch.
[    9.475816] cloud-init[503]: Cloud-init v. 23.1.2-0ubuntu0~18.04.1 running 'init-local' at Mon, 11 Mar 2024 14:44:15 +0000. Up 9.24 seconds.
[[0;32m  OK  [0m] Started Initial cloud-init job (pre-networking).
[[0;32m  OK  [0m] Reached target Network (Pre).
         Starting Network Service...
[[0;32m  OK  [0m] Started Network Service.
         Starting Wait for Network to be Configured...
         Starting Network Name Resolution...
[[0;32m  OK  [0m] Started Network Name Resolution.
[[0;32m  OK  [0m] Reached target Host and Network Name Lookups.
[[0;32m  OK  [0m] Reached target Network.
[[0;32m  OK  [0m] Started Wait for Network to be Configured.
         Starting Initial cloud-init job (metadata service crawler)...
[   12.522632] cloud-init[637]: Cloud-init v. 23.1.2-0ubuntu0~18.04.1 running 'init' at Mon, 11 Mar 2024 14:44:18 +0000. Up 12.21 seconds.
[   12.528417] cloud-init[637]: ci-info: +++++++++++++++++++++++++++++++++++++++Net device info++++++++++++++++++++++++++++++++++++++++
[   12.536369] cloud-init[637]: ci-info: +---------+-------+-----------------------------+---------------+--------+-------------------+
[   12.540504] cloud-init[637]: ci-info: |  Device |   Up  |           Address           |      Mask     | Scope  |     Hw-Address    |
[   12.548442] cloud-init[637]: ci-info: +---------+-------+-----------------------------+---------------+--------+-------------------+
[   12.560915] cloud-init[637]: ci-info: | enp0s10 |  True |          10.0.3.11          | 255.255.255.0 | global | 08:00:27:da:53:60 |
[   12.575502] cloud-init[637]: ci-info: | enp0s10 |  True | fe80::a00:27ff:feda:5360/64 |       .       |  link  | 08:00:27:da:53:60 |
[   12.592561] cloud-init[637]: ci-info: |  enp0s3 |  True |        192.168.1.105        | 255.255.255.0 | global | 02:3b:7b:b7:3b:2d |
[   12.608938] cloud-init[637]: ci-info: |  enp0s3 |  True |          10.0.2.15          | 255.255.255.0 | global | 02:3b:7b:b7:3b:2d |
[   12.622957] cloud-init[637]: ci-info: |  enp0s3 |  True |  fe80::3b:7bff:feb7:3b2d/64 |       .       |  link  | 02:3b:7b:b7:3b:2d |
[   12.636468] cloud-init[637]: ci-info: |  enp0s8 | False |              .              |       .       |   .    | 08:00:27:3e:50:86 |
[   12.638922] cloud-init[637]: ci-info: |  enp0s9 |  True |          10.0.1.11          | 255.255.255.0 | global | 08:00:27:44:9c:6b |
[   12.644550] cloud-init[637]: ci-info: |  enp0s9 |  True | fe80::a00:27ff:fe44:9c6b/64 |       .       |  link  | 08:00:27:44:9c:6b |
[   12.649536] cloud-init[637]: ci-info: |    lo   |  True |          127.0.0.1          |   255.0.0.0   |  host  |         .         |
[   12.662297] cloud-init[637]: ci-info: |    lo   |  True |           ::1/128           |       .       |  host  |         .         |
[   12.681601] cloud-init[637]: ci-info: +---------+-------+-----------------------------+---------------+--------+-------------------+
[   12.683998] cloud-init[637]: ci-info: ++++++++++++++++++++++++++++++Route IPv4 info++++++++++++++++++++++++++++++
[   12.686008] cloud-init[637]: ci-info: +-------+-------------+-------------+-----------------+-----------+-------+
[   12.687830] cloud-init[637]: ci-info: | Route | Destination |   Gateway   |     Genmask     | Interface | Flags |
[   12.692280] cloud-init[637]: ci-info: +-------+-------------+-------------+-----------------+-----------+-------+
[   12.707704] cloud-init[637]: ci-info: |   0   |   0.0.0.0   | 192.168.1.1 |     0.0.0.0     |   enp0s3  |   UG  |
[   12.713910] cloud-init[637]: ci-info: |   1   |   0.0.0.0   |   10.0.2.2  |     0.0.0.0     |   enp0s3  |   UG  |
[   12.721593] cloud-init[637]: ci-info: |   2   |   10.0.1.0  |   0.0.0.0   |  255.255.255.0  |   enp0s9  |   U   |
[   12.735341] cloud-init[637]: ci-info: |   3   |   10.0.2.0  |   0.0.0.0   |  255.255.255.0  |   enp0s3  |   U   |
[   12.748176] cloud-init[637]: ci-info: |   4   |   10.0.2.2  |   0.0.0.0   | 255.255.255.255 |   enp0s3  |   UH  |
[   12.759657] cloud-init[637]: ci-info: |   5   |   10.0.3.0  |   0.0.0.0   |  255.255.255.0  |  enp0s10  |   U   |
[   12.767192] cloud-init[637]: ci-info: |   6   | 192.168.1.0 |   0.0.0.0   |  255.255.255.0  |   enp0s3  |   U   |
[   12.774063] cloud-init[637]: ci-info: +-------+-------------+-------------+-----------------+-----------+-------+
[   12.781621] cloud-init[637]: ci-info: +++++++++++++++++++Route IPv6 info+++++++++++++++++++
[   12.786850] cloud-init[637]: ci-info: +-------+-------------+---------+-----------+-------+
[   12.795311] cloud-init[637]: ci-info: | Route | Destination | Gateway | Interface | Flags |
[   12.799908] cloud-init[637]: ci-info: +-------+-------------+---------+-----------+-------+
[   12.807256] cloud-init[637]: ci-info: |   1   |  fe80::/64  |    ::   |  enp0s10  |   U   |
[   12.809286] cloud-init[637]: ci-info: |   2   |  fe80::/64  |    ::   |   enp0s9  |   U   |
[   12.811529] cloud-init[637]: ci-info: |   3   |  fe80::/64  |    ::   |   enp0s3  |   U   |
[   12.820674] cloud-init[637]: ci-info: |   5   |    local    |    ::   |   enp0s3  |   U   |
[   12.828526] cloud-init[637]: ci-info: |   6   |    local    |    ::   |   enp0s9  |   U   |
[   12.850528] cloud-init[637]: ci-info: |   7   |    local    |    ::   |  enp0s10  |   U   |
[   12.874730] cloud-init[637]: ci-info: |   8   |   ff00::/8  |    ::   |  enp0s10  |   U   |
[   12.879966] cloud-init[637]: ci-info: |   9   |   ff00::/8  |    ::   |   enp0s9  |   U   |
[   12.885235] cloud-init[637]: ci-info: |   10  |   ff00::/8  |    ::   |   enp0s3  |   U   |
[   12.903523] cloud-init[637]: ci-info: +-------+-------------+---------+-----------+-------+
[[0;32m  OK  [0m] Started Initial cloud-init job (metadata service crawler).
[[0;32m  OK  [0m] Reached target System Initialization.
[[0;32m  OK  [0m] Listening on ACPID Listen Socket.
         Starting LXD - unix socket.
[[0;32m  OK  [0m] Started Discard unused blocks once a week.
[[0;32m  OK  [0m] Listening on UUID daemon activation socket.
[[0;32m  OK  [0m] Started ACPI Events Check.
[[0;32m  OK  [0m] Reached target Paths.
[[0;32m  OK  [0m] Started Daily Cleanup of Temporary Directories.
[[0;32m  OK  [0m] Listening on cloud-init hotplug hook socket.
[[0;32m  OK  [0m] Started Daily apt download activities.
[[0;32m  OK  [0m] Started Daily apt upgrade and clean activities.
[[0;32m  OK  [0m] Started Message of the Day.
[[0;32m  OK  [0m] Listening on Open-iSCSI iscsid Socket.
[[0;32m  OK  [0m] Listening on D-Bus System Message Bus Socket.
         Starting Socket activation for snappy daemon.
[[0;32m  OK  [0m] Started Ubuntu Advantage Timer for running repeated jobs.
[[0;32m  OK  [0m] Reached target Timers.
[[0;32m  OK  [0m] Reached target Cloud-config availability.
[[0;32m  OK  [0m] Reached target Network is Online.
         Starting Availability of block devices...
[[0;32m  OK  [0m] Reached target Remote File Systems (Pre).
[[0;32m  OK  [0m] Reached target Remote File Systems.
[[0;32m  OK  [0m] Listening on LXD - unix socket.
[[0;32m  OK  [0m] Listening on Socket activation for snappy daemon.
[[0;32m  OK  [0m] Started Availability of block devices.
[[0;32m  OK  [0m] Reached target Sockets.
[[0;32m  OK  [0m] Reached target Basic System.
         Starting Dispatcher daemon for systemd-networkd...
[[0;32m  OK  [0m] Started FUSE filesystem for LXC.
[[0;32m  OK  [0m] Started D-Bus System Message Bus.
         Starting Accounts Service...
         Starting LSB: Record successful boot for GRUB...
         Starting LXD - container startup/shutdown...
[[0;32m  OK  [0m] Started irqbalance daemon.
         Starting Virtualbox guest utils...
[[0;32m  OK  [0m] Started Deferred execution scheduler.
         Starting LSB: automatic crash report generation...
         Starting Login Service...
[[0;32m  OK  [0m] Started ISC DHCP IPv4 server.
         Starting OpenBSD Secure Shell server...
[[0;32m  OK  [0m] Started ISC DHCP IPv6 server.
[[0;32m  OK  [0m] Reached target Login Prompts (Pre).
[[0;32m  OK  [0m] Started Regular background program processing daemon.
         Starting Snap Daemon...
         Starting Permit User Sessions...
         Starting System Logging Service...
[[0;32m  OK  [0m] Started OpenBSD Secure Shell server.
[[0;32m  OK  [0m] Started System Logging Service.
[[0;32m  OK  [0m] Started Permit User Sessions.
[[0;32m  OK  [0m] Started Login Service.
[[0;32m  OK  [0m] Started Unattended Upgrades Shutdown.
         Starting Hold until boot process finishes up...
         Starting Terminate Plymouth Boot Screen...
         Starting Authorization Manager...
[[0;32m  OK  [0m] Started Hold until boot process finishes up.
         Starting Set console scheme...
[[0;32m  OK  [0m] Started Serial Getty on ttyS0.
[[0;32m  OK  [0m] Started Terminate Plymouth Boot Screen.
[[0;32m  OK  [0m] Started Authorization Manager.
[[0;32m  OK  [0m] Started Accounts Service.
[[0;32m  OK  [0m] Started Set console scheme.
[[0;32m  OK  [0m] Created slice system-getty.slice.
[[0;32m  OK  [0m] Started Getty on tty1.
[[0;32m  OK  [0m] Reached target Login Prompts.
[[0;32m  OK  [0m] Started LSB: automatic crash report generation.
[[0;32m  OK  [0m] Started LSB: Record successful boot for GRUB.
[[0;32m  OK  [0m] Started Virtualbox guest utils.
[[0;32m  OK  [0m] Started LXD - container startup/shutdown.
[[0;32m  OK  [0m] Created slice User Slice of vagrant.
[[0;32m  OK  [0m] Started Dispatcher daemon for systemd-networkd.
         Starting User Manager for UID 1000...
[[0;32m  OK  [0m] Started Session 1 of user vagrant.
[[0;32m  OK  [0m] Started User Manager for UID 1000.
[[0;32m  OK  [0m] Started Snap Daemon.
         Starting Wait until snapd is fully seeded...
         Starting Time & Date Service...
[[0;32m  OK  [0m] Started Time & Date Service.
[[0;32m  OK  [0m] Started Wait until snapd is fully seeded.
         Starting Apply the settings specified in cloud-config...
[   16.697788] cloud-init[962]: Cloud-init v. 23.1.2-0ubuntu0~18.04.1 running 'modules:config' at Mon, 11 Mar 2024 14:44:23 +0000. Up 16.51 seconds.
[[0;32m  OK  [0m] Started Apply the settings specified in cloud-config.
[[0;32m  OK  [0m] Reached target Multi-User System.
[[0;32m  OK  [0m] Reached target Graphical Interface.
         Starting Update UTMP about System Runlevel Changes...
         Starting Execute cloud user/final scripts...
[[0;32m  OK  [0m] Started Update UTMP about System Runlevel Changes.
[   17.888154] cloud-init[1086]: Cloud-init v. 23.1.2-0ubuntu0~18.04.1 running 'modules:final' at Mon, 11 Mar 2024 14:44:24 +0000. Up 17.61 seconds.
[   17.891786] cloud-init[1086]: Cloud-init v. 23.1.2-0ubuntu0~18.04.1 finished at Mon, 11 Mar 2024 14:44:24 +0000. Datasource DataSourceNoCloud [seed=/dev/sdb][dsmode=net].  Up 17.87 seconds
[[0;32m  OK  [0m] Started Execute cloud user/final scripts.
[[0;32m  OK  [0m] Reached target Cloud-init target.

Ubuntu 18.04.6 LTS server1 ttyS0

server1 login: 